{"type":"databases","name":"db","children":["test"]}