{"type":"tables","name":"public","children":["test"]}