{"TIME":1198174234000,"NAME":"testupdate","ID":1}
