{"type":"server_root","version":230,"version_human":"2.3.3","description":"HSQL Database Engine 2.3.3 Server","children":["db"]}