{"type":"tables","name":"PUBLIC","children":["TEST"]}