{"type":"databases","name":"db","children":["TEST"]}