{"type":"server_root","version":140,"version_human":"1.4.190 (2015-10-11)","description":"H2 1.4.190 (2015-10-11) Server","children":["db"]}